Microchip MPLAB XC8 Compiler V2.20

Linker command line:

-W-3 --edf=C:\Program Files\Microchip\xc8\v2.20\pic\dat\en_msgs.txt -cn \
  -h+dist/default/production\PlacaMotor.X.production.sym \
  --cmf=dist/default/production\PlacaMotor.X.production.cmf -z -Q18F4550 \
  -oC:\Users\T-Gamer\AppData\Local\Temp\s7qo.2 --defsym=__MPLAB_BUILD=1 \
  -Mdist/default/production/PlacaMotor.X.production.map -E1 \
  -ver=XC8 Compiler -ASTACK=060h-07FFh -pstack=STACK -ACODE=00h-07FFFh \
  -ACONST=00h-07FFFh -ASMALLCONST=0800h-08FFhx120 \
  -AMEDIUMCONST=0800h-07FFFh -ACOMRAM=01h-05Fh -AABS1=00h-07FFh \
  -ABIGRAM=01h-07FFh -ARAM=060h-0FFh,0100h-01FFhx7 -ABANK0=060h-0FFh \
  -ABANK1=0100h-01FFh -ABANK2=0200h-02FFh -ABANK3=0300h-03FFh \
  -ABANK4=0400h-04FFh -ABANK5=0500h-05FFh -ABANK6=0600h-06FFh \
  -ABANK7=0700h-07FFh -ASFR=0F60h-0FFFh -ACONFIG=0300000h-030000Dh \
  -AIDLOC=0200000h-0200007h \
  -preset_vec=00h,intcode=08h,intcodelo,powerup,init -pramtop=0800h \
  -psmallconst=SMALLCONST -pmediumconst=MEDIUMCONST -pconst=CONST \
  -AFARRAM=00h-00h -AEEDATA=0F00000h-0F000FFh -peeprom_data=EEDATA \
  -prdata=COMRAM,nvrram=COMRAM,nvbit=COMRAM,rbss=COMRAM,rbit=COMRAM \
  -pfarbss=FARRAM,fardata=FARRAM,nvFARRAM=FARRAM \
  -pintsave_regs=BIGRAM,bigbss=BIGRAM,bigdata=BIGRAM -pbss=RAM \
  -pidata=CODE,irdata=CODE,ibigdata=CODE,ifardata=CODE -prparam=COMRAM \
  C:\Users\T-Gamer\AppData\Local\Temp\s7qo.o \
  dist/default/production\PlacaMotor.X.production.o 

Object code version is 3.11

Machine type is 18F4550



                Name                               Link     Load   Length Selector   Space Scale
C:\Users\T-Gamer\AppData\Local\Temp\s7qo.o
                idloc                            200000   200000        8        0       5
                config                           300000   300000        E        0       4
                init                                  E        E        4        4       0
                reset_vec                             0        0        4        0       0
dist/default/production\PlacaMotor.X.production.o
                intcode                               8        8        6        4       0
                idloc                            200000   200000        8        0       5
                config                           300000   300000        E        0       4
                temp                                 35       35        1        1       1
                intcode_body                        62A      62A       7E        4       0
                text10                              758      758       20        4       0
                text9                               778      778       1C        4       0
                text8                               57C      57C       AE        4       0
                text7                               720      720       38        4       0
                text6                               3C4      3C4       E6        4       0
                text5                               2D0      2D0       F4        4       0
                text4                                12       12      1A8        4       0
                text3                               6A8      6A8       40        4       0
                text2                               4AA      4AA       D2        4       0
                text1                               6E8      6E8       38        4       0
                text0                               1BA      1BA      116        4       0
                cstackCOMRAM                          1        1       30        1       1
                bssCOMRAM                            33       33        2        1       1
                cinit                               794      794        E        4       0
                nvCOMRAM                             31       31        2        1       1

TOTAL           Name                               Link     Load   Length     Space
        CLASS   STACK          

        CLASS   CODE           
                intcode                               8        8        6         0
                init                                  E        E        4         0
                reset_vec                             0        0        4         0
                intcode_body                        62A      62A       7E         0
                text10                              758      758       20         0
                text9                               778      778       1C         0
                text8                               57C      57C       AE         0
                text7                               720      720       38         0
                text6                               3C4      3C4       E6         0
                text5                               2D0      2D0       F4         0
                text4                                12       12      1A8         0
                text3                               6A8      6A8       40         0
                text2                               4AA      4AA       D2         0
                text1                               6E8      6E8       38         0
                text0                               1BA      1BA      116         0
                cinit                               794      794        E         0

        CLASS   CONST          

        CLASS   SMALLCONST     

        CLASS   MEDIUMCONST    

        CLASS   COMRAM         
                temp                                 35       35        1         1
                cstackCOMRAM                          1        1       30         1
                bssCOMRAM                            33       33        2         1
                nvCOMRAM                             31       31        2         1

        CLASS   ABS1           

        CLASS   BIGRAM         

        CLASS   RAM            

        CLASS   BANK0          

        CLASS   BANK1          

        CLASS   BANK2          

        CLASS   BANK3          

        CLASS   BANK4          

        CLASS   BANK5          

        CLASS   BANK6          

        CLASS   BANK7          

        CLASS   SFR            

        CLASS   CONFIG         
                config                           300000   300000        E         4

        CLASS   IDLOC          
                idloc                            200000   200000        8         5

        CLASS   FARRAM         

        CLASS   EEDATA         



SEGMENTS        Name                           Load    Length   Top    Selector   Space  Class

                reset_vec                      000000  000004  000004         0       0  CODE    
                cstackCOMRAM                   000001  000035  000036         1       1  COMRAM  
                intcode                        000008  00079A  0007A2         4       0  CODE    


UNUSED ADDRESS RANGES

        Name                Unused          Largest block    Delta
        BANK0            000060-0000FF               A0
        BANK1            000100-0001FF              100
        BANK2            000200-0002FF              100
        BANK3            000300-0003FF              100
        BANK4            000400-0004FF              100
        BANK5            000500-0005FF              100
        BANK6            000600-0006FF              100
        BANK7            000700-0007FF              100
        BIGRAM           000036-0007FF              7CA
        CODE             000004-000007                4
                         0007A2-007FFF             785E
        COMRAM           000036-00005F               2A
        CONST            000004-000007                4
                         0007A2-007FFF             785E
        EEDATA           F00000-F000FF              100
        MEDIUMCONST      000800-007FFF             7800
        RAM              000060-0007FF              100
        SFR              000F60-000FFF               A0
        SMALLCONST       000800-007FFF              100
        STACK            000060-0007FF              7A0

                                  Symbol Table

?___awtoft               cstackCOMRAM 00000A
?___ftadd                cstackCOMRAM 00000A
?___ftdiv                cstackCOMRAM 000019
?___ftmul                cstackCOMRAM 00000A
?___ftpack               cstackCOMRAM 000002
?___ftsub                cstackCOMRAM 000016
?___fttol                cstackCOMRAM 00001C
?_adc_read               cstackCOMRAM 000002
_ADCON0                  (abs)        000FC2
_ADCON0bits              (abs)        000FC2
_ADCON1                  (abs)        000FC1
_ADCON2                  (abs)        000FC0
_ADRESH                  (abs)        000FC4
_ADRESL                  (abs)        000FC3
_GIE                     (abs)        007F97
_InitConfig              text10       000758
_InitTimer0              text9        000778
_PEIE                    (abs)        007F96
_PORTD                   (abs)        000F83
_PORTDbits               (abs)        000F83
_PSA                     (abs)        007EAB
_T08BIT                  (abs)        007EAE
_T0CONbits               (abs)        000FD5
_T0CS                    (abs)        007EAD
_T0SE                    (abs)        007EAC
_TMR0                    (abs)        000FD6
_TMR0IE                  (abs)        007F95
_TMR0IF                  (abs)        007F92
_TMR0ON                  (abs)        007EAF
_TRISA                   (abs)        000F92
_TRISD                   (abs)        000F95
__HRAM                   (abs)        000000
__Habs1                  abs1         000000
__Hbank0                 bank0        000000
__Hbank1                 bank1        000000
__Hbank2                 bank2        000000
__Hbank3                 bank3        000000
__Hbank4                 bank4        000000
__Hbank5                 bank5        000000
__Hbank6                 bank6        000000
__Hbank7                 bank7        000000
__Hbigbss                bigbss       000000
__Hbigdata               bigdata      000000
__Hbigram                bigram       000000
__Hbss                   bss          000000
__HbssCOMRAM             bssCOMRAM    000000
__Hcinit                 cinit        000000
__Hclrtext               clrtext      000000
__Hcomram                comram       000000
__Hconfig                config       30000E
__Hconst                 const        000000
__HcstackCOMRAM          cstackCOMRAM 000000
__Hdata                  data         000000
__Heeprom_data           eeprom_data  000000
__Hfarbss                farbss       000000
__Hfardata               fardata      000000
__Hibigdata              ibigdata     000000
__Hidata                 idata        000000
__Hidloc                 idloc        200008
__Hifardata              ifardata     000000
__Hinit                  init         000012
__Hintcode               intcode      00000E
__Hintcode_body          intcode_body 000000
__Hintcodelo             intcodelo    00000E
__Hintentry              intentry     000000
__Hintret                intret       000000
__Hintsave_regs          intsave_regs 000000
__Hirdata                irdata       000000
__Hmediumconst           mediumconst  000000
__HnvCOMRAM              nvCOMRAM     000000
__HnvFARRAM              nvFARRAM     000000
__Hnvbit                 nvbit        000000
__Hnvrram                nvrram       000000
__Hparam                 rparam       000000
__Hpowerup               powerup      00000E
__Hram                   ram          000000
__Hramtop                ramtop       000800
__Hrbit                  rbit         000000
__Hrbss                  rbss         000000
__Hrdata                 rdata        000000
__Hreset_vec             reset_vec    000004
__Hrparam                rparam       000000
__Hsfr                   sfr          000000
__Hsmallconst            smallconst   000000
__Hspace_0               (abs)        000800
__Hspace_1               (abs)        000036
__Hspace_2               (abs)        000000
__Hspace_4               (abs)        60000E
__Hstack                 stack        000000
__Hstruct                struct       000000
__Htemp                  temp         000036
__Htext                  text         000000
__Htext0                 text0        000000
__Htext1                 text1        000000
__Htext10                text10       000000
__Htext2                 text2        000000
__Htext3                 text3        000000
__Htext4                 text4        000000
__Htext5                 text5        000000
__Htext6                 text6        000000
__Htext7                 text7        000000
__Htext8                 text8        000000
__Htext9                 text9        000000
__LRAM                   (abs)        000001
__Labs1                  abs1         000000
__Lbank0                 bank0        000000
__Lbank1                 bank1        000000
__Lbank2                 bank2        000000
__Lbank3                 bank3        000000
__Lbank4                 bank4        000000
__Lbank5                 bank5        000000
__Lbank6                 bank6        000000
__Lbank7                 bank7        000000
__Lbigbss                bigbss       000000
__Lbigdata               bigdata      000000
__Lbigram                bigram       000000
__Lbss                   bss          000000
__LbssCOMRAM             bssCOMRAM    000000
__Lcinit                 cinit        000000
__Lclrtext               clrtext      000000
__Lcomram                comram       000000
__Lconfig                config       000000
__Lconst                 const        000000
__LcstackCOMRAM          cstackCOMRAM 000000
__Ldata                  data         000000
__Leeprom_data           eeprom_data  000000
__Lfarbss                farbss       000000
__Lfardata               fardata      000000
__Libigdata              ibigdata     000000
__Lidata                 idata        000000
__Lidloc                 idloc        000000
__Lifardata              ifardata     000000
__Linit                  init         00000E
__Lintcode               intcode      000008
__Lintcode_body          intcode_body 000000
__Lintcodelo             intcodelo    00000E
__Lintentry              intentry     000000
__Lintret                intret       000000
__Lintsave_regs          intsave_regs 000000
__Lirdata                irdata       000000
__Lmediumconst           mediumconst  000000
__LnvCOMRAM              nvCOMRAM     000000
__LnvFARRAM              nvFARRAM     000000
__Lnvbit                 nvbit        000000
__Lnvrram                nvrram       000000
__Lparam                 rparam       000000
__Lpowerup               powerup      00000E
__Lram                   ram          000000
__Lramtop                ramtop       000800
__Lrbit                  rbit         000000
__Lrbss                  rbss         000000
__Lrdata                 rdata        000000
__Lreset_vec             reset_vec    000000
__Lrparam                rparam       000000
__Lsfr                   sfr          000000
__Lsmallconst            smallconst   000000
__Lspace_0               (abs)        000000
__Lspace_1               (abs)        000000
__Lspace_2               (abs)        000000
__Lspace_4               (abs)        000000
__Lstack                 stack        000000
__Lstruct                struct       000000
__Ltemp                  temp         000035
__Ltext                  text         000000
__Ltext0                 text0        000000
__Ltext1                 text1        000000
__Ltext10                text10       000000
__Ltext2                 text2        000000
__Ltext3                 text3        000000
__Ltext4                 text4        000000
__Ltext5                 text5        000000
__Ltext6                 text6        000000
__Ltext7                 text7        000000
__Ltext8                 text8        000000
__Ltext9                 text9        000000
__S0                     (abs)        0007A2
__S1                     (abs)        000036
__S2                     (abs)        000000
__S4                     (abs)        000000
__S5                     (abs)        000000
___awtoft                text7        000720
___awtoft@c              cstackCOMRAM 00000A
___awtoft@sign           cstackCOMRAM 00000D
___ftadd                 text4        000012
___ftadd@exp1            cstackCOMRAM 000015
___ftadd@exp2            cstackCOMRAM 000014
___ftadd@f1              cstackCOMRAM 00000A
___ftadd@f2              cstackCOMRAM 00000D
___ftadd@sign            cstackCOMRAM 000013
___ftdiv                 text6        0003C4
___ftdiv@cntr            cstackCOMRAM 000022
___ftdiv@exp             cstackCOMRAM 000026
___ftdiv@f1              cstackCOMRAM 000019
___ftdiv@f2              cstackCOMRAM 00001C
___ftdiv@f3              cstackCOMRAM 000023
___ftdiv@sign            cstackCOMRAM 000027
___ftmul                 text5        0002D0
___ftmul@cntr            cstackCOMRAM 000017
___ftmul@exp             cstackCOMRAM 000013
___ftmul@f1              cstackCOMRAM 00000A
___ftmul@f2              cstackCOMRAM 00000D
___ftmul@f3_as_product   cstackCOMRAM 000014
___ftmul@sign            cstackCOMRAM 000018
___ftpack                text8        00057C
___ftpack@arg            cstackCOMRAM 000002
___ftpack@exp            cstackCOMRAM 000005
___ftpack@sign           cstackCOMRAM 000006
___ftsub                 text3        0006A8
___ftsub@f1              cstackCOMRAM 000016
___ftsub@f2              cstackCOMRAM 000019
___fttol                 text2        0004AA
___fttol@exp1            cstackCOMRAM 00002A
___fttol@f1              cstackCOMRAM 00001C
___fttol@lval            cstackCOMRAM 000026
___fttol@sign1           cstackCOMRAM 000025
___inthi_sp              stack        000000
___intlo_sp              stack        000000
___param_bank            (abs)        000000
___rparam_used           (abs)        000001
___sp                    stack        000000
__accesstop              (abs)        000060
__activetblptr           (abs)        000000
__end_of_InitConfig      text10       000778
__end_of_InitTimer0      text9        000794
__end_of___awtoft        text7        000758
__end_of___ftadd         text4        0001BA
__end_of___ftdiv         text6        0004AA
__end_of___ftmul         text5        0003C4
__end_of___ftpack        text8        00062A
__end_of___ftsub         text3        0006E8
__end_of___fttol         text2        00057C
__end_of__initialization cinit        000798
__end_of_adc_read        text1        000720
__end_of_main            text0        0002D0
__end_of_my_isr_routine  intcode_body 0006A8
__initialization         cinit        000794
__mediumconst            mediumconst  000000
__pbssCOMRAM             bssCOMRAM    000033
__pcinit                 cinit        000794
__pcstackCOMRAM          cstackCOMRAM 000001
__pintcode               intcode      000008
__pintcode_body          intcode_body 00062A
__pnvCOMRAM              nvCOMRAM     000031
__ptext0                 text0        0001BA
__ptext1                 text1        0006E8
__ptext10                text10       000758
__ptext2                 text2        0004AA
__ptext3                 text3        0006A8
__ptext4                 text4        000012
__ptext5                 text5        0002D0
__ptext6                 text6        0003C4
__ptext7                 text7        000720
__ptext8                 text8        00057C
__ptext9                 text9        000778
__ramtop                 ramtop       000800
__size_of_InitConfig     (abs)        000000
__size_of_InitTimer0     (abs)        000000
__size_of___awtoft       (abs)        000000
__size_of___ftadd        (abs)        000000
__size_of___ftdiv        (abs)        000000
__size_of___ftmul        (abs)        000000
__size_of___ftpack       (abs)        000000
__size_of___ftsub        (abs)        000000
__size_of___fttol        (abs)        000000
__size_of_adc_read       (abs)        000000
__size_of_main           (abs)        000000
__size_of_my_isr_routine (abs)        000000
__smallconst             smallconst   000000
_adc_read                text1        0006E8
_dente                   bssCOMRAM    000033
_main                    text0        0001BA
_my_isr_routine          intcode      000008
_tempoInt                nvCOMRAM     000031
adc_read@canal           cstackCOMRAM 000008
adc_read@result          cstackCOMRAM 000006
btemp                    temp         000035
end_of_initialization    cinit        000798
int$flags                temp         000035
int_func                 intcode_body 00062A
intlevel0                text         000000
intlevel1                text         000000
intlevel2                text         000000
intlevel3                text         000000
main@adx                 cstackCOMRAM 00002B
main@tempo               cstackCOMRAM 00002E
stackhi                  (abs)        0007FF
stacklo                  (abs)        000060
start                    init         00000E
start_initialization     cinit        000794
ttemp5                   temp         000036
ttemp6                   temp         000039
ttemp7                   temp         00003D
wtemp8                   temp         000036


FUNCTION INFORMATION:

 *************** function _main *****************
 Defined at:
		line 39 in file "main.c"
 Parameters:    Size  Location     Type
		None
 Auto vars:     Size  Location     Type
  tempo           3   45[COMRAM] float 
  adx             3   42[COMRAM] float 
 Return value:  Size  Location     Type
                  1    wreg      void 
 Registers used:
		wreg, status,2, status,0, cstack
 Tracked objects:
		On entry : 
		On exit  : 
		Unchanged: 
 Data sizes:     COMRAM   BANK0   BANK1   BANK2   BANK3   BANK4   BANK5   BANK6   BANK7
      Params:         0       0       0       0       0       0       0       0       0
      Locals:         6       0       0       0       0       0       0       0       0
      Temps:          0       0       0       0       0       0       0       0       0
      Totals:         6       0       0       0       0       0       0       0       0
Total ram usage:        6 bytes
 Hardware stack levels required when called:    4
 This function calls:
		_InitConfig
		_InitTimer0
		___awtoft
		___ftdiv
		___ftmul
		___ftsub
		___fttol
		_adc_read
 This function is called by:
		Startup code after reset
 This function uses a non-reentrant model


 *************** function _adc_read *****************
 Defined at:
		line 39 in file "functions.c"
 Parameters:    Size  Location     Type
  canal           1    wreg     unsigned char 
 Auto vars:     Size  Location     Type
  canal           1    7[COMRAM] unsigned char 
  result          2    5[COMRAM] int 
 Return value:  Size  Location     Type
                  2    1[COMRAM] int 
 Registers used:
		wreg, status,2, status,0
 Tracked objects:
		On entry : 
		On exit  : 
		Unchanged: 
 Data sizes:     COMRAM   BANK0   BANK1   BANK2   BANK3   BANK4   BANK5   BANK6   BANK7
      Params:         2       0       0       0       0       0       0       0       0
      Locals:         3       0       0       0       0       0       0       0       0
      Temps:          2       0       0       0       0       0       0       0       0
      Totals:         7       0       0       0       0       0       0       0       0
Total ram usage:        7 bytes
 Hardware stack levels used:    1
 Hardware stack levels required when called:    1
 This function calls:
		Nothing
 This function is called by:
		_main
 This function uses a non-reentrant model


 *************** function ___fttol *****************
 Defined at:
		line 44 in file "C:\Program Files\Microchip\xc8\v2.20\pic\sources\c90\common\fttol.c"
 Parameters:    Size  Location     Type
  f1              3   27[COMRAM] float 
 Auto vars:     Size  Location     Type
  lval            4   37[COMRAM] unsigned long 
  exp1            1   41[COMRAM] unsigned char 
  sign1           1   36[COMRAM] unsigned char 
 Return value:  Size  Location     Type
                  4   27[COMRAM] long 
 Registers used:
		wreg, status,2, status,0
 Tracked objects:
		On entry : 
		On exit  : 
		Unchanged: 
 Data sizes:     COMRAM   BANK0   BANK1   BANK2   BANK3   BANK4   BANK5   BANK6   BANK7
      Params:         4       0       0       0       0       0       0       0       0
      Locals:         6       0       0       0       0       0       0       0       0
      Temps:          5       0       0       0       0       0       0       0       0
      Totals:        15       0       0       0       0       0       0       0       0
Total ram usage:       15 bytes
 Hardware stack levels used:    1
 Hardware stack levels required when called:    1
 This function calls:
		Nothing
 This function is called by:
		_main
 This function uses a non-reentrant model


 *************** function ___ftsub *****************
 Defined at:
		line 19 in file "C:\Program Files\Microchip\xc8\v2.20\pic\sources\c90\common\ftsub.c"
 Parameters:    Size  Location     Type
  f1              3   21[COMRAM] float 
  f2              3   24[COMRAM] float 
 Auto vars:     Size  Location     Type
		None
 Return value:  Size  Location     Type
                  3   21[COMRAM] float 
 Registers used:
		wreg, status,2, status,0, cstack
 Tracked objects:
		On entry : 
		On exit  : 
		Unchanged: 
 Data sizes:     COMRAM   BANK0   BANK1   BANK2   BANK3   BANK4   BANK5   BANK6   BANK7
      Params:         6       0       0       0       0       0       0       0       0
      Locals:         0       0       0       0       0       0       0       0       0
      Temps:          0       0       0       0       0       0       0       0       0
      Totals:         6       0       0       0       0       0       0       0       0
Total ram usage:        6 bytes
 Hardware stack levels used:    1
 Hardware stack levels required when called:    3
 This function calls:
		___ftadd
 This function is called by:
		_main
 This function uses a non-reentrant model


 *************** function ___ftadd *****************
 Defined at:
		line 86 in file "C:\Program Files\Microchip\xc8\v2.20\pic\sources\c90\common\ftadd.c"
 Parameters:    Size  Location     Type
  f1              3    9[COMRAM] float 
  f2              3   12[COMRAM] float 
 Auto vars:     Size  Location     Type
  exp1            1   20[COMRAM] unsigned char 
  exp2            1   19[COMRAM] unsigned char 
  sign            1   18[COMRAM] unsigned char 
 Return value:  Size  Location     Type
                  3    9[COMRAM] float 
 Registers used:
		wreg, status,2, status,0, cstack
 Tracked objects:
		On entry : 
		On exit  : 
		Unchanged: 
 Data sizes:     COMRAM   BANK0   BANK1   BANK2   BANK3   BANK4   BANK5   BANK6   BANK7
      Params:         6       0       0       0       0       0       0       0       0
      Locals:         3       0       0       0       0       0       0       0       0
      Temps:          3       0       0       0       0       0       0       0       0
      Totals:        12       0       0       0       0       0       0       0       0
Total ram usage:       12 bytes
 Hardware stack levels used:    1
 Hardware stack levels required when called:    2
 This function calls:
		___ftpack
 This function is called by:
		___ftsub
 This function uses a non-reentrant model


 *************** function ___ftmul *****************
 Defined at:
		line 62 in file "C:\Program Files\Microchip\xc8\v2.20\pic\sources\c90\common\ftmul.c"
 Parameters:    Size  Location     Type
  f1              3    9[COMRAM] float 
  f2              3   12[COMRAM] float 
 Auto vars:     Size  Location     Type
  f3_as_produc    3   19[COMRAM] unsigned um
  sign            1   23[COMRAM] unsigned char 
  cntr            1   22[COMRAM] unsigned char 
  exp             1   18[COMRAM] unsigned char 
 Return value:  Size  Location     Type
                  3    9[COMRAM] float 
 Registers used:
		wreg, status,2, status,0, cstack
 Tracked objects:
		On entry : 
		On exit  : 
		Unchanged: 
 Data sizes:     COMRAM   BANK0   BANK1   BANK2   BANK3   BANK4   BANK5   BANK6   BANK7
      Params:         6       0       0       0       0       0       0       0       0
      Locals:         6       0       0       0       0       0       0       0       0
      Temps:          3       0       0       0       0       0       0       0       0
      Totals:        15       0       0       0       0       0       0       0       0
Total ram usage:       15 bytes
 Hardware stack levels used:    1
 Hardware stack levels required when called:    2
 This function calls:
		___ftpack
 This function is called by:
		_main
 This function uses a non-reentrant model


 *************** function ___ftdiv *****************
 Defined at:
		line 54 in file "C:\Program Files\Microchip\xc8\v2.20\pic\sources\c90\common\ftdiv.c"
 Parameters:    Size  Location     Type
  f1              3   24[COMRAM] float 
  f2              3   27[COMRAM] float 
 Auto vars:     Size  Location     Type
  f3              3   34[COMRAM] float 
  sign            1   38[COMRAM] unsigned char 
  exp             1   37[COMRAM] unsigned char 
  cntr            1   33[COMRAM] unsigned char 
 Return value:  Size  Location     Type
                  3   24[COMRAM] float 
 Registers used:
		wreg, status,2, status,0, cstack
 Tracked objects:
		On entry : 
		On exit  : 
		Unchanged: 
 Data sizes:     COMRAM   BANK0   BANK1   BANK2   BANK3   BANK4   BANK5   BANK6   BANK7
      Params:         6       0       0       0       0       0       0       0       0
      Locals:         6       0       0       0       0       0       0       0       0
      Temps:          3       0       0       0       0       0       0       0       0
      Totals:        15       0       0       0       0       0       0       0       0
Total ram usage:       15 bytes
 Hardware stack levels used:    1
 Hardware stack levels required when called:    2
 This function calls:
		___ftpack
 This function is called by:
		_main
 This function uses a non-reentrant model


 *************** function ___awtoft *****************
 Defined at:
		line 32 in file "C:\Program Files\Microchip\xc8\v2.20\pic\sources\c90\common\awtoft.c"
 Parameters:    Size  Location     Type
  c               2    9[COMRAM] int 
 Auto vars:     Size  Location     Type
  sign            1   12[COMRAM] unsigned char 
 Return value:  Size  Location     Type
                  3    9[COMRAM] float 
 Registers used:
		wreg, status,2, status,0, cstack
 Tracked objects:
		On entry : 
		On exit  : 
		Unchanged: 
 Data sizes:     COMRAM   BANK0   BANK1   BANK2   BANK3   BANK4   BANK5   BANK6   BANK7
      Params:         3       0       0       0       0       0       0       0       0
      Locals:         1       0       0       0       0       0       0       0       0
      Temps:          0       0       0       0       0       0       0       0       0
      Totals:         4       0       0       0       0       0       0       0       0
Total ram usage:        4 bytes
 Hardware stack levels used:    1
 Hardware stack levels required when called:    2
 This function calls:
		___ftpack
 This function is called by:
		_main
 This function uses a non-reentrant model


 *************** function ___ftpack *****************
 Defined at:
		line 62 in file "C:\Program Files\Microchip\xc8\v2.20\pic\sources\c90\common\float.c"
 Parameters:    Size  Location     Type
  arg             3    1[COMRAM] unsigned um
  exp             1    4[COMRAM] unsigned char 
  sign            1    5[COMRAM] unsigned char 
 Auto vars:     Size  Location     Type
		None
 Return value:  Size  Location     Type
                  3    1[COMRAM] float 
 Registers used:
		wreg, status,2, status,0
 Tracked objects:
		On entry : 
		On exit  : 
		Unchanged: 
 Data sizes:     COMRAM   BANK0   BANK1   BANK2   BANK3   BANK4   BANK5   BANK6   BANK7
      Params:         5       0       0       0       0       0       0       0       0
      Locals:         0       0       0       0       0       0       0       0       0
      Temps:          3       0       0       0       0       0       0       0       0
      Totals:         8       0       0       0       0       0       0       0       0
Total ram usage:        8 bytes
 Hardware stack levels used:    1
 Hardware stack levels required when called:    1
 This function calls:
		Nothing
 This function is called by:
		___awtoft
		___ftadd
		___ftdiv
		___ftmul
 This function uses a non-reentrant model


 *************** function _InitTimer0 *****************
 Defined at:
		line 26 in file "functions.c"
 Parameters:    Size  Location     Type
		None
 Auto vars:     Size  Location     Type
		None
 Return value:  Size  Location     Type
                  1    wreg      void 
 Registers used:
		wreg, status,2
 Tracked objects:
		On entry : 
		On exit  : 
		Unchanged: 
 Data sizes:     COMRAM   BANK0   BANK1   BANK2   BANK3   BANK4   BANK5   BANK6   BANK7
      Params:         0       0       0       0       0       0       0       0       0
      Locals:         0       0       0       0       0       0       0       0       0
      Temps:          0       0       0       0       0       0       0       0       0
      Totals:         0       0       0       0       0       0       0       0       0
Total ram usage:        0 bytes
 Hardware stack levels used:    1
 Hardware stack levels required when called:    1
 This function calls:
		Nothing
 This function is called by:
		_main
 This function uses a non-reentrant model


 *************** function _InitConfig *****************
 Defined at:
		line 11 in file "functions.c"
 Parameters:    Size  Location     Type
		None
 Auto vars:     Size  Location     Type
		None
 Return value:  Size  Location     Type
                  1    wreg      void 
 Registers used:
		wreg, status,2
 Tracked objects:
		On entry : 
		On exit  : 
		Unchanged: 
 Data sizes:     COMRAM   BANK0   BANK1   BANK2   BANK3   BANK4   BANK5   BANK6   BANK7
      Params:         0       0       0       0       0       0       0       0       0
      Locals:         0       0       0       0       0       0       0       0       0
      Temps:          0       0       0       0       0       0       0       0       0
      Totals:         0       0       0       0       0       0       0       0       0
Total ram usage:        0 bytes
 Hardware stack levels used:    1
 Hardware stack levels required when called:    1
 This function calls:
		Nothing
 This function is called by:
		_main
 This function uses a non-reentrant model


 *************** function _my_isr_routine *****************
 Defined at:
		line 17 in file "main.c"
 Parameters:    Size  Location     Type
		None
 Auto vars:     Size  Location     Type
		None
 Return value:  Size  Location     Type
                  1    wreg      void 
 Registers used:
		wreg, status,2, status,0
 Tracked objects:
		On entry : 
		On exit  : 
		Unchanged: 
 Data sizes:     COMRAM   BANK0   BANK1   BANK2   BANK3   BANK4   BANK5   BANK6   BANK7
      Params:         0       0       0       0       0       0       0       0       0
      Locals:         0       0       0       0       0       0       0       0       0
      Temps:          1       0       0       0       0       0       0       0       0
      Totals:         1       0       0       0       0       0       0       0       0
Total ram usage:        1 bytes
 Hardware stack levels used:    1
 This function calls:
		Nothing
 This function is called by:
		Interrupt level 2
 This function uses a non-reentrant model



MODULE INFORMATION

Module		Function		Class		Link	Load	Size
C:\Program Files\Microchip\xc8\v2.20\pic\sources\c90\common\ftadd.c
		___ftadd       		CODE           	0012	0000	425

C:\Program Files\Microchip\xc8\v2.20\pic\sources\c90\common\ftadd.c estimated size: 425

C:\Program Files\Microchip\xc8\v2.20\pic\sources\c90\common\awtoft.c
		___awtoft      		CODE           	0720	0000	57

C:\Program Files\Microchip\xc8\v2.20\pic\sources\c90\common\awtoft.c estimated size: 57

C:\Program Files\Microchip\xc8\v2.20\pic\sources\c90\common\ftsub.c
		___ftsub       		CODE           	06A8	0000	65

C:\Program Files\Microchip\xc8\v2.20\pic\sources\c90\common\ftsub.c estimated size: 65

C:\Program Files\Microchip\xc8\v2.20\pic\sources\c90\common\float.c
		___ftpack      		CODE           	057C	0000	175

C:\Program Files\Microchip\xc8\v2.20\pic\sources\c90\common\float.c estimated size: 175

functions.c
		_InitConfig    		CODE           	0758	0000	33
		_InitTimer0    		CODE           	0778	0000	29
		_adc_read      		CODE           	06E8	0000	57

functions.c estimated size: 119

C:\Program Files\Microchip\xc8\v2.20\pic\sources\c90\common\ftmul.c
		___ftmul       		CODE           	02D0	0000	245

C:\Program Files\Microchip\xc8\v2.20\pic\sources\c90\common\ftmul.c estimated size: 245

shared
		__initialization		CODE           	0794	0000	5

shared estimated size: 5

C:\Program Files\Microchip\xc8\v2.20\pic\sources\c90\common\ftdiv.c
		___ftdiv       		CODE           	03C4	0000	231

C:\Program Files\Microchip\xc8\v2.20\pic\sources\c90\common\ftdiv.c estimated size: 231

C:\Program Files\Microchip\xc8\v2.20\pic\sources\c90\common\fttol.c
		___fttol       		CODE           	04AA	0000	211

C:\Program Files\Microchip\xc8\v2.20\pic\sources\c90\common\fttol.c estimated size: 211

main.c
		_main          		CODE           	01BA	0000	279
		_my_isr_routine		CODE           	0008	0000	133

main.c estimated size: 412

