Microchip MPLAB XC8 Compiler V2.20

Linker command line:

-W-3 --edf=C:\Program Files\Microchip\xc8\v2.20\pic\dat\en_msgs.txt -cn \
  -h+dist/default/production\PlacaMotor2Analise.X.production.sym \
  --cmf=dist/default/production\PlacaMotor2Analise.X.production.cmf -z \
  -Q18F4550 -oC:\Users\T-Gamer\AppData\Local\Temp\sao8.3 \
  --defsym=__MPLAB_BUILD=1 \
  -Mdist/default/production/PlacaMotor2Analise.X.production.map -E1 \
  -ver=XC8 Compiler --acfsm=1493 -ASTACK=0CEh-07FFh -pstack=STACK \
  -ACODE=00h-07FFFh -ACONST=00h-07FFFh -ASMALLCONST=0800h-08FFhx120 \
  -AMEDIUMCONST=0800h-07FFFh -ACOMRAM=01h-05Fh -AABS1=00h-07FFh \
  -ABIGRAM=01h-07FFh -ARAM=060h-0FFh,0100h-01FFhx7 -ABANK0=060h-0FFh \
  -ABANK1=0100h-01FFh -ABANK2=0200h-02FFh -ABANK3=0300h-03FFh \
  -ABANK4=0400h-04FFh -ABANK5=0500h-05FFh -ABANK6=0600h-06FFh \
  -ABANK7=0700h-07FFh -ASFR=0F60h-0FFFh -ACONFIG=0300000h-030000Dh \
  -AIDLOC=0200000h-0200007h \
  -preset_vec=00h,intcode=08h,intcodelo,powerup,init -pramtop=0800h \
  -psmallconst=SMALLCONST -pmediumconst=MEDIUMCONST -pconst=CONST \
  -AFARRAM=00h-00h -AEEDATA=0F00000h-0F000FFh -peeprom_data=EEDATA \
  -prdata=COMRAM,nvrram=COMRAM,nvbit=COMRAM,rbss=COMRAM,rbit=COMRAM \
  -pfarbss=FARRAM,fardata=FARRAM,nvFARRAM=FARRAM \
  -pintsave_regs=BIGRAM,bigbss=BIGRAM,bigdata=BIGRAM -pbss=RAM \
  -pidata=CODE,irdata=CODE,ibigdata=CODE,ifardata=CODE -prparam=COMRAM \
  C:\Users\T-Gamer\AppData\Local\Temp\sao8.o \
  dist/default/production\PlacaMotor2Analise.X.production.o 

Object code version is 3.11

Machine type is 18F4550



                Name                               Link     Load   Length Selector   Space Scale
C:\Users\T-Gamer\AppData\Local\Temp\sao8.o
                idloc                            200000   200000        8        0       5
                config                           300000   300000        E        0       4
                init                                  E        E        4        4       0
                reset_vec                             0        0        4        0       0
dist/default/production\PlacaMotor2Analise.X.production.o
                intcode                               8        8        6        4       0
                idloc                            200000   200000        8        0       5
                config                           300000   300000        E        0       4
                temp                                 53       53        1        1       1
                smallconst                          800      800       10      400       0
                text25                             2090     2090       6A      408       0
                intcode_body                       1AE2     1AE2      102      408       0
                text23                             22B0     22B0       2A      408       0
                text22                             2300     2300       1C      408       0
                text21                             1F20     1F20       9C      408       0
                text20                             21AE     21AE       48      408       0
                text19                             1BE4     1BE4       FE      408       0
                text18                             2026     2026       6A      408       0
                text17                             1E6E     1E6E       B2      408       0
                text16                              C3A      C3A      39A      408       0
                text15                              810      810      42A      408       0
                text14                             1FBC     1FBC       6A      408       0
                text13                             1642     1642      1B4      408       0
                text12                             17F6     17F6      188      408       0
                text11                             197E     197E      164      408       0
                text10                             223A     223A       40      408       0
                text9                              231C     231C        2      408       0
                text8                              1CE2     1CE2       CA      408       0
                text7                              21F6     21F6       44      408       0
                text6                              227A     227A       36      408       0
                text5                              1DAC     1DAC       C2      408       0
                text4                               FD4      FD4      2E2      408       0
                text3                              148E     148E      1B4      408       0
                text2                              20FA     20FA       62      408       0
                text1                              215C     215C       52      408       0
                text0                              12B6     12B6      1D8      408       0
                cstackCOMRAM                          1        1       45        1       1
                cstackBANK0                          60       60       3E       60       1
                bssBANK0                             9E       9E       30       60       1
                bssCOMRAM                            46       46        D        1       1
                cinit                              22DA     22DA       26      408       0

TOTAL           Name                               Link     Load   Length     Space
        CLASS   STACK          

        CLASS   CODE           
                intcode                               8        8        6         0
                init                                  E        E        4         0
                reset_vec                             0        0        4         0
                text25                             2090     2090       6A         0
                intcode_body                       1AE2     1AE2      102         0
                text23                             22B0     22B0       2A         0
                text22                             2300     2300       1C         0
                text21                             1F20     1F20       9C         0
                text20                             21AE     21AE       48         0
                text19                             1BE4     1BE4       FE         0
                text18                             2026     2026       6A         0
                text17                             1E6E     1E6E       B2         0
                text16                              C3A      C3A      39A         0
                text15                              810      810      42A         0
                text14                             1FBC     1FBC       6A         0
                text13                             1642     1642      1B4         0
                text12                             17F6     17F6      188         0
                text11                             197E     197E      164         0
                text10                             223A     223A       40         0
                text9                              231C     231C        2         0
                text8                              1CE2     1CE2       CA         0
                text7                              21F6     21F6       44         0
                text6                              227A     227A       36         0
                text5                              1DAC     1DAC       C2         0
                text4                               FD4      FD4      2E2         0
                text3                              148E     148E      1B4         0
                text2                              20FA     20FA       62         0
                text1                              215C     215C       52         0
                text0                              12B6     12B6      1D8         0
                cinit                              22DA     22DA       26         0

        CLASS   CONST          

        CLASS   SMALLCONST     
                smallconst                          800      800       10         0

        CLASS   MEDIUMCONST    

        CLASS   COMRAM         
                temp                                 53       53        1         1
                cstackCOMRAM                          1        1       45         1
                bssCOMRAM                            46       46        D         1

        CLASS   ABS1           

        CLASS   BIGRAM         

        CLASS   RAM            

        CLASS   BANK0          
                cstackBANK0                          60       60       3E         1
                bssBANK0                             9E       9E       30         1

        CLASS   BANK1          

        CLASS   BANK2          

        CLASS   BANK3          

        CLASS   BANK4          

        CLASS   BANK5          

        CLASS   BANK6          

        CLASS   BANK7          

        CLASS   SFR            

        CLASS   CONFIG         
                config                           300000   300000        E         4

        CLASS   IDLOC          
                idloc                            200000   200000        8         5

        CLASS   FARRAM         

        CLASS   EEDATA         



SEGMENTS        Name                           Load    Length   Top    Selector   Space  Class

                reset_vec                      000000  000004  000004         0       0  CODE    
                cstackCOMRAM                   000001  000053  000054         1       1  COMRAM  
                intcode                        000008  00000A  000012         4       0  CODE    
                cstackBANK0                    000060  00006E  0000CE        60       1  BANK0   
                smallconst                     000800  000010  000810       400       0  SMALLCON
                text15                         000810  001B0E  00231E       408       0  CODE    


UNUSED ADDRESS RANGES

        Name                Unused          Largest block    Delta
        BANK0            0000CE-0000FF               32
        BANK1            000100-0001FF              100
        BANK2            000200-0002FF              100
        BANK3            000300-0003FF              100
        BANK4            000400-0004FF              100
        BANK5            000500-0005FF              100
        BANK6            000600-0006FF              100
        BANK7            000700-0007FF              100
        BIGRAM           000054-00005F                C
                         0000CE-0007FF              732
        CODE             000004-000007                4
                         000012-0007FF              7EE
                         00231E-007FFF             5CE2
        COMRAM           000054-00005F                C
        CONST            000004-000007                4
                         000012-0007FF              7EE
                         00231E-007FFF             5CE2
        EEDATA           F00000-F000FF              100
        MEDIUMCONST      00231E-007FFF             5CE2
        RAM              0000CE-0007FF              100
        SFR              000F60-000FFF               A0
        SMALLCONST       00231E-007FFF              100
        STACK            0000CE-0007FF              732

                                  Symbol Table

?___aodiv                  cstackCOMRAM 00000D
?___aomod                  cstackCOMRAM 00000D
?___fldiv                  cstackCOMRAM 00000D
?___flmul                  cstackCOMRAM 00000D
?___lmul                   cstackCOMRAM 00000D
?___xxtofl                 cstackCOMRAM 000019
?_abs                      cstackCOMRAM 00001F
?_dtoa                     cstackCOMRAM 000028
?_pad                      cstackCOMRAM 00001D
?_sprintf                  cstackBANK0  000080
?_strlen                   cstackCOMRAM 00000D
?_vfpfcnvrt                cstackCOMRAM 00003A
?_vfprintf                 cstackBANK0  00007A
?i2___lmul                 cstackCOMRAM 000001
LCD_Cmd@Command            cstackCOMRAM 000010
LCD_Goto@col               cstackCOMRAM 000014
LCD_Goto@row               cstackCOMRAM 000011
LCD_Print@LCD_Str          cstackCOMRAM 00000F
LCD_Print@i                cstackCOMRAM 000014
LCD_Write_Nibble@n         cstackCOMRAM 00000E
_ADCON0                    (abs)        000FC2
_ADCON1                    (abs)        000FC1
_ADCON2                    (abs)        000FC0
_GIE                       (abs)        007F97
_INT0IE                    (abs)        007F94
_INT0IF                    (abs)        007F91
_INTEDG0                   (abs)        007F8E
_InitConfig                text23       0022B0
_InitTimer0                text22       002300
_LCD_Begin                 text19       001BE4
_LCD_Cmd                   text20       0021AE
_LCD_Goto                  text18       002026
_LCD_Print                 text17       001E6E
_LCD_Write_Nibble          text21       001F20
_PEIE                      (abs)        007F96
_PORTBbits                 (abs)        000F81
_PORTD                     (abs)        000F83
_PORTDbits                 (abs)        000F83
_PSA                       (abs)        007EAB
_RS                        bssCOMRAM    00004E
_T08BIT                    (abs)        007EAE
_T0CONbits                 (abs)        000FD5
_T0CS                      (abs)        007EAD
_T0SE                      (abs)        007EAC
_TMR0                      (abs)        000FD6
_TMR0IE                    (abs)        007F95
_TMR0IF                    (abs)        007F92
_TMR0ON                    (abs)        007EAF
_TRISA                     (abs)        000F92
_TRISB                     (abs)        000F93
_TRISD                     (abs)        000F95
_TRISDbits                 (abs)        000F95
__HRAM                     (abs)        000000
__Habs1                    abs1         000000
__Hbank0                   bank0        000000
__Hbank1                   bank1        000000
__Hbank2                   bank2        000000
__Hbank3                   bank3        000000
__Hbank4                   bank4        000000
__Hbank5                   bank5        000000
__Hbank6                   bank6        000000
__Hbank7                   bank7        000000
__Hbigbss                  bigbss       000000
__Hbigdata                 bigdata      000000
__Hbigram                  bigram       000000
__Hbss                     bss          000000
__HbssBANK0                bssBANK0     000000
__HbssCOMRAM               bssCOMRAM    000000
__Hcinit                   cinit        000000
__Hclrtext                 clrtext      000000
__Hcomram                  comram       000000
__Hconfig                  config       30000E
__Hconst                   const        000000
__HcstackBANK0             cstackBANK0  000000
__HcstackCOMRAM            cstackCOMRAM 000000
__Hdata                    data         000000
__Heeprom_data             eeprom_data  000000
__Hfarbss                  farbss       000000
__Hfardata                 fardata      000000
__Hibigdata                ibigdata     000000
__Hidata                   idata        000000
__Hidloc                   idloc        200008
__Hifardata                ifardata     000000
__Hinit                    init         000012
__Hintcode                 intcode      00000E
__Hintcode_body            intcode_body 000000
__Hintcodelo               intcodelo    00000E
__Hintentry                intentry     000000
__Hintret                  intret       000000
__Hintsave_regs            intsave_regs 000000
__Hirdata                  irdata       000000
__Hmediumconst             mediumconst  000000
__HnvFARRAM                nvFARRAM     000000
__Hnvbit                   nvbit        000000
__Hnvrram                  nvrram       000000
__Hparam                   rparam       000000
__Hpowerup                 powerup      00000E
__Hram                     ram          000000
__Hramtop                  ramtop       000800
__Hrbit                    rbit         000000
__Hrbss                    rbss         000000
__Hrdata                   rdata        000000
__Hreset_vec               reset_vec    000004
__Hrparam                  rparam       000000
__Hsfr                     sfr          000000
__Hsmallconst              smallconst   000810
__Hspace_0                 (abs)        00231E
__Hspace_1                 (abs)        0000CE
__Hspace_2                 (abs)        000000
__Hspace_4                 (abs)        60000E
__Hstack                   stack        000000
__Hstruct                  struct       000000
__Htemp                    temp         000054
__Htext                    text         000000
__Htext0                   text0        000000
__Htext1                   text1        000000
__Htext10                  text10       000000
__Htext11                  text11       000000
__Htext12                  text12       000000
__Htext13                  text13       000000
__Htext14                  text14       000000
__Htext15                  text15       000000
__Htext16                  text16       000000
__Htext17                  text17       000000
__Htext18                  text18       000000
__Htext19                  text19       000000
__Htext2                   text2        000000
__Htext20                  text20       000000
__Htext21                  text21       000000
__Htext22                  text22       000000
__Htext23                  text23       000000
__Htext25                  text25       000000
__Htext3                   text3        000000
__Htext4                   text4        000000
__Htext5                   text5        000000
__Htext6                   text6        000000
__Htext7                   text7        000000
__Htext8                   text8        000000
__Htext9                   text9        000000
__LRAM                     (abs)        000001
__Labs1                    abs1         000000
__Lbank0                   bank0        000000
__Lbank1                   bank1        000000
__Lbank2                   bank2        000000
__Lbank3                   bank3        000000
__Lbank4                   bank4        000000
__Lbank5                   bank5        000000
__Lbank6                   bank6        000000
__Lbank7                   bank7        000000
__Lbigbss                  bigbss       000000
__Lbigdata                 bigdata      000000
__Lbigram                  bigram       000000
__Lbss                     bss          000000
__LbssBANK0                bssBANK0     000000
__LbssCOMRAM               bssCOMRAM    000000
__Lcinit                   cinit        000000
__Lclrtext                 clrtext      000000
__Lcomram                  comram       000000
__Lconfig                  config       000000
__Lconst                   const        000000
__LcstackBANK0             cstackBANK0  000000
__LcstackCOMRAM            cstackCOMRAM 000000
__Ldata                    data         000000
__Leeprom_data             eeprom_data  000000
__Lfarbss                  farbss       000000
__Lfardata                 fardata      000000
__Libigdata                ibigdata     000000
__Lidata                   idata        000000
__Lidloc                   idloc        000000
__Lifardata                ifardata     000000
__Linit                    init         00000E
__Lintcode                 intcode      000008
__Lintcode_body            intcode_body 000000
__Lintcodelo               intcodelo    00000E
__Lintentry                intentry     000000
__Lintret                  intret       000000
__Lintsave_regs            intsave_regs 000000
__Lirdata                  irdata       000000
__Lmediumconst             mediumconst  000000
__LnvFARRAM                nvFARRAM     000000
__Lnvbit                   nvbit        000000
__Lnvrram                  nvrram       000000
__Lparam                   rparam       000000
__Lpowerup                 powerup      00000E
__Lram                     ram          000000
__Lramtop                  ramtop       000800
__Lrbit                    rbit         000000
__Lrbss                    rbss         000000
__Lrdata                   rdata        000000
__Lreset_vec               reset_vec    000000
__Lrparam                  rparam       000000
__Lsfr                     sfr          000000
__Lsmallconst              smallconst   000800
__Lspace_0                 (abs)        000000
__Lspace_1                 (abs)        000000
__Lspace_2                 (abs)        000000
__Lspace_4                 (abs)        000000
__Lstack                   stack        000000
__Lstruct                  struct       000000
__Ltemp                    temp         000053
__Ltext                    text         000000
__Ltext0                   text0        000000
__Ltext1                   text1        000000
__Ltext10                  text10       000000
__Ltext11                  text11       000000
__Ltext12                  text12       000000
__Ltext13                  text13       000000
__Ltext14                  text14       000000
__Ltext15                  text15       000000
__Ltext16                  text16       000000
__Ltext17                  text17       000000
__Ltext18                  text18       000000
__Ltext19                  text19       000000
__Ltext2                   text2        000000
__Ltext20                  text20       000000
__Ltext21                  text21       000000
__Ltext22                  text22       000000
__Ltext23                  text23       000000
__Ltext25                  text25       000000
__Ltext3                   text3        000000
__Ltext4                   text4        000000
__Ltext5                   text5        000000
__Ltext6                   text6        000000
__Ltext7                   text7        000000
__Ltext8                   text8        000000
__Ltext9                   text9        000000
__S0                       (abs)        00231E
__S1                       (abs)        0000CE
__S2                       (abs)        000000
__S4                       (abs)        000000
__S5                       (abs)        000000
___aodiv                   text12       0017F6
___aodiv@counter           cstackCOMRAM 00001D
___aodiv@dividend          cstackCOMRAM 00000D
___aodiv@divisor           cstackCOMRAM 000015
___aodiv@quotient          cstackCOMRAM 00001F
___aodiv@sign              cstackCOMRAM 00001E
___aomod                   text11       00197E
___aomod@counter           cstackCOMRAM 00001D
___aomod@dividend          cstackCOMRAM 00000D
___aomod@divisor           cstackCOMRAM 000015
___aomod@sign              cstackCOMRAM 00001E
___fldiv                   text16       000C3A
___fldiv@a                 cstackCOMRAM 000011
___fldiv@aexp              cstackCOMRAM 000025
___fldiv@b                 cstackCOMRAM 00000D
___fldiv@bexp              cstackCOMRAM 000024
___fldiv@grs               cstackCOMRAM 000020
___fldiv@new_exp           cstackCOMRAM 00001E
___fldiv@rem               cstackCOMRAM 000019
___fldiv@sign              cstackCOMRAM 00001D
___flmul                   text15       000810
___flmul@a                 cstackCOMRAM 000011
___flmul@aexp              cstackCOMRAM 00001E
___flmul@b                 cstackCOMRAM 00000D
___flmul@bexp              cstackCOMRAM 00001F
___flmul@grs               cstackCOMRAM 00001A
___flmul@prod              cstackCOMRAM 000020
___flmul@sign              cstackCOMRAM 000019
___flmul@temp              cstackCOMRAM 000024
___inthi_sp                stack        000000
___intlo_sp                stack        000000
___lmul                    text14       001FBC
___lmul@multiplicand       cstackCOMRAM 000011
___lmul@multiplier         cstackCOMRAM 00000D
___lmul@product            cstackCOMRAM 000015
___param_bank              (abs)        000000
___rparam_used             (abs)        000001
___sp                      stack        000000
___xxtofl                  text13       001642
___xxtofl@arg              cstackCOMRAM 000023
___xxtofl@exp              cstackCOMRAM 000022
___xxtofl@sign             cstackCOMRAM 000021
___xxtofl@val              cstackCOMRAM 000019
__accesstop                (abs)        000060
__activetblptr             (abs)        000002
__end_of_InitConfig        text23       0022DA
__end_of_InitTimer0        text22       00231C
__end_of_LCD_Begin         text19       001CE2
__end_of_LCD_Cmd           text20       0021F6
__end_of_LCD_Goto          text18       002090
__end_of_LCD_Print         text17       001F20
__end_of_LCD_Write_Nibble  text21       001FBC
__end_of___aodiv           text12       00197E
__end_of___aomod           text11       001AE2
__end_of___fldiv           text16       000FD4
__end_of___flmul           text15       000C3A
__end_of___lmul            text14       002026
__end_of___xxtofl          text13       0017F6
__end_of__initialization   cinit        0022F2
__end_of_abs               text10       00227A
__end_of_dtoa              text4        0012B6
__end_of_fputc             text8        001DAC
__end_of_fputs             text7        00223A
__end_of_main              text0        00148E
__end_of_my_isr_routine    intcode_body 001BE4
__end_of_pad               text5        001E6E
__end_of_putch             text9        00231E
__end_of_sprintf           text1        0021AE
__end_of_strlen            text6        0022B0
__end_of_vfpfcnvrt         text3        001642
__end_of_vfprintf          text2        00215C
__end_ofi2___lmul          text25       0020FA
__initialization           cinit        0022DA
__mediumconst              mediumconst  000000
__pbssBANK0                bssBANK0     00009E
__pbssCOMRAM               bssCOMRAM    000046
__pcinit                   cinit        0022DA
__pcstackBANK0             cstackBANK0  000060
__pcstackCOMRAM            cstackCOMRAM 000001
__pintcode                 intcode      000008
__pintcode_body            intcode_body 001AE2
__psmallconst              smallconst   000800
__ptext0                   text0        0012B6
__ptext1                   text1        00215C
__ptext10                  text10       00223A
__ptext11                  text11       00197E
__ptext12                  text12       0017F6
__ptext13                  text13       001642
__ptext14                  text14       001FBC
__ptext15                  text15       000810
__ptext16                  text16       000C3A
__ptext17                  text17       001E6E
__ptext18                  text18       002026
__ptext19                  text19       001BE4
__ptext2                   text2        0020FA
__ptext20                  text20       0021AE
__ptext21                  text21       001F20
__ptext22                  text22       002300
__ptext23                  text23       0022B0
__ptext25                  text25       002090
__ptext3                   text3        00148E
__ptext4                   text4        000FD4
__ptext5                   text5        001DAC
__ptext6                   text6        00227A
__ptext7                   text7        0021F6
__ptext8                   text8        001CE2
__ptext9                   text9        00231C
__ramtop                   ramtop       000800
__size_of_InitConfig       (abs)        000000
__size_of_InitTimer0       (abs)        000000
__size_of_LCD_Begin        (abs)        000000
__size_of_LCD_Cmd          (abs)        000000
__size_of_LCD_Goto         (abs)        000000
__size_of_LCD_Print        (abs)        000000
__size_of_LCD_Write_Nibble (abs)        000000
__size_of___aodiv          (abs)        000000
__size_of___aomod          (abs)        000000
__size_of___fldiv          (abs)        000000
__size_of___flmul          (abs)        000000
__size_of___lmul           (abs)        000000
__size_of___xxtofl         (abs)        000000
__size_of_abs              (abs)        000000
__size_of_dtoa             (abs)        000000
__size_of_fputc            (abs)        000000
__size_of_fputs            (abs)        000000
__size_of_main             (abs)        000000
__size_of_my_isr_routine   (abs)        000000
__size_of_pad              (abs)        000000
__size_of_putch            (abs)        000000
__size_of_sprintf          (abs)        000000
__size_of_strlen           (abs)        000000
__size_of_vfpfcnvrt        (abs)        000000
__size_of_vfprintf         (abs)        000000
__size_ofi2___lmul         (abs)        000000
__smallconst               smallconst   000800
_abs                       text10       00223A
_auxx                      bssBANK0     0000A8
_dbuf                      bssBANK0     0000AA
_descida                   bssBANK0     00009E
_dtoa                      text4        000FD4
_dtoa$823                  cstackBANK0  000060
_falha                     bssBANK0     0000A6
_flags                     bssCOMRAM    00004C
_fputc                     text8        001CE2
_fputs                     text7        0021F6
_main                      text0        0012B6
_my_isr_routine            intcode      000008
_nout                      bssBANK0     0000A2
_pad                       text5        001DAC
_prec                      bssCOMRAM    00004A
_putch                     text9        00231C
_rotacao                   bssBANK0     0000CA
_sprintf                   text1        00215C
_strlen                    text6        00227A
_subida                    bssCOMRAM    000046
_temp                      bssCOMRAM    00004F
_vfpfcnvrt                 text3        00148E
_vfprintf                  text2        0020FA
_width                     bssBANK0     0000A4
abs@a                      cstackCOMRAM 00001F
btemp                      temp         000053
dtoa@d                     cstackCOMRAM 00002A
dtoa@fp                    cstackCOMRAM 000028
dtoa@i                     cstackBANK0  000070
dtoa@n                     cstackBANK0  000068
dtoa@p                     cstackBANK0  000062
dtoa@s                     cstackBANK0  000066
dtoa@w                     cstackBANK0  000064
end_of_initialization      cinit        0022F2
fputc@c                    cstackCOMRAM 00000D
fputc@fp                   cstackCOMRAM 00000F
fputs@c                    cstackCOMRAM 00001A
fputs@fp                   cstackCOMRAM 000018
fputs@i                    cstackCOMRAM 00001B
fputs@s                    cstackCOMRAM 000016
i2___lmul                  text25       002090
i2___lmul@multiplicand     cstackCOMRAM 000005
i2___lmul@multiplier       cstackCOMRAM 000001
i2___lmul@product          cstackCOMRAM 000009
int$flags                  temp         000053
int_func                   intcode_body 001AE2
intlevel0                  text         000000
intlevel1                  text         000000
intlevel2                  text         000000
intlevel3                  text         000000
main@txt                   cstackBANK0  000092
main@txt2                  cstackBANK0  000098
pad@buf                    cstackCOMRAM 00001F
pad@fp                     cstackCOMRAM 00001D
pad@i                      cstackCOMRAM 000024
pad@p                      cstackCOMRAM 000021
pad@w                      cstackCOMRAM 000026
sprintf@ap                 cstackBANK0  00008A
sprintf@f                  cstackBANK0  00008C
sprintf@fmt                cstackBANK0  000082
sprintf@s                  cstackBANK0  000080
stackhi                    (abs)        0007FF
stacklo                    (abs)        0000CE
start                      init         00000E
start_initialization       cinit        0022DA
strlen@a                   cstackCOMRAM 00000F
strlen@s                   cstackCOMRAM 00000D
ttemp5                     temp         000054
ttemp6                     temp         000057
ttemp7                     temp         00005B
vfpfcnvrt@ap               cstackCOMRAM 00003E
vfpfcnvrt@fmt              cstackCOMRAM 00003C
vfpfcnvrt@fp               cstackCOMRAM 00003A
vfpfcnvrt@ll               cstackBANK0  000072
vfprintf@ap                cstackBANK0  00007E
vfprintf@cfmt              cstackCOMRAM 000042
vfprintf@fmt               cstackBANK0  00007C
vfprintf@fp                cstackBANK0  00007A
wtemp8                     temp         000054


FUNCTION INFORMATION:

 *************** function _main *****************
 Defined at:
		line 54 in file "main_1.c"
 Parameters:    Size  Location     Type
		None
 Auto vars:     Size  Location     Type
  txt2            6   56[BANK0 ] unsigned char [6]
  txt             6   50[BANK0 ] unsigned char [6]
 Return value:  Size  Location     Type
                  1    wreg      void 
 Registers used:
		wreg, fsr0l, fsr0h, fsr1l, fsr1h, fsr2l, fsr2h, status,2, status,0, tblptrl, tblptrh, tblptru, prodl, prodh, cstack
 Tracked objects:
		On entry : 
		On exit  : 
		Unchanged: 
 Data sizes:     COMRAM   BANK0   BANK1   BANK2   BANK3   BANK4   BANK5   BANK6   BANK7
      Params:         0       0       0       0       0       0       0       0       0
      Locals:         0      12       0       0       0       0       0       0       0
      Temps:          2       0       0       0       0       0       0       0       0
      Totals:         2      12       0       0       0       0       0       0       0
Total ram usage:       14 bytes
 Hardware stack levels required when called:   10
 This function calls:
		_InitConfig
		_InitTimer0
		_LCD_Begin
		_LCD_Cmd
		_LCD_Goto
		_LCD_Print
		___fldiv
		___flmul
		___lmul
		___xxtofl
		_sprintf
 This function is called by:
		Startup code after reset
 This function uses a non-reentrant model


 *************** function _sprintf *****************
 Defined at:
		line 9 in file "C:\Program Files\Microchip\xc8\v2.20\pic\sources\c99\common\nf_sprintf.c"
 Parameters:    Size  Location     Type
  s               2   32[BANK0 ] PTR unsigned char 
		 -> main@txt(6), main@txt2(6), 
  fmt             2   34[BANK0 ] PTR const unsigned char 
		 -> STR_3(4), STR_1(3), 
 Auto vars:     Size  Location     Type
  f               6   44[BANK0 ] struct _IO_FILE
  ap              2   42[BANK0 ] PTR void [1]
		 -> ?_sprintf(2), 
  ret             2    0        int 
 Return value:  Size  Location     Type
                  2   32[BANK0 ] int 
 Registers used:
		wreg, fsr1l, fsr1h, fsr2l, fsr2h, status,2, status,0, tblptrl, tblptrh, tblptru, cstack
 Tracked objects:
		On entry : 
		On exit  : 
		Unchanged: 
 Data sizes:     COMRAM   BANK0   BANK1   BANK2   BANK3   BANK4   BANK5   BANK6   BANK7
      Params:         0       8       0       0       0       0       0       0       0
      Locals:         0      10       0       0       0       0       0       0       0
      Temps:          0       0       0       0       0       0       0       0       0
      Totals:         0      18       0       0       0       0       0       0       0
Total ram usage:       18 bytes
 Hardware stack levels used:    1
 Hardware stack levels required when called:    9
 This function calls:
		_vfprintf
 This function is called by:
		_main
 This function uses a non-reentrant model


 *************** function _vfprintf *****************
 Defined at:
		line 1368 in file "C:\Program Files\Microchip\xc8\v2.20\pic\sources\c99\common\doprnt.c"
 Parameters:    Size  Location     Type
  fp              2   26[BANK0 ] PTR struct _IO_FILE
		 -> sprintf@f(6), 
  fmt             2   28[BANK0 ] PTR const unsigned char 
		 -> STR_3(4), STR_1(3), 
  ap              2   30[BANK0 ] PTR PTR void 
		 -> sprintf@ap(2), 
 Auto vars:     Size  Location     Type
  cfmt            2   65[COMRAM] PTR unsigned char 
		 -> STR_3(4), STR_1(3), 
 Return value:  Size  Location     Type
                  2   26[BANK0 ] int 
 Registers used:
		wreg, fsr1l, fsr1h, fsr2l, fsr2h, status,2, status,0, tblptrl, tblptrh, tblptru, cstack
 Tracked objects:
		On entry : 
		On exit  : 
		Unchanged: 
 Data sizes:     COMRAM   BANK0   BANK1   BANK2   BANK3   BANK4   BANK5   BANK6   BANK7
      Params:         0       6       0       0       0       0       0       0       0
      Locals:         2       0       0       0       0       0       0       0       0
      Temps:          0       0       0       0       0       0       0       0       0
      Totals:         2       6       0       0       0       0       0       0       0
Total ram usage:        8 bytes
 Hardware stack levels used:    1
 Hardware stack levels required when called:    8
 This function calls:
		_vfpfcnvrt
 This function is called by:
		_sprintf
 This function uses a non-reentrant model


 *************** function _vfpfcnvrt *****************
 Defined at:
		line 670 in file "C:\Program Files\Microchip\xc8\v2.20\pic\sources\c99\common\doprnt.c"
 Parameters:    Size  Location     Type
  fp              2   57[COMRAM] PTR struct _IO_FILE
		 -> sprintf@f(6), 
  fmt             2   59[COMRAM] PTR PTR unsigned char 
		 -> vfprintf@cfmt(2), 
  ap              2   61[COMRAM] PTR PTR void 
		 -> sprintf@ap(2), 
 Auto vars:     Size  Location     Type
  ll              8   18[BANK0 ] long long 
  llu             8    0        unsigned long long 
  f               4    0        unsigned long long 
  vp              3    0        PTR void 
  ct              3    0        unsigned char [3]
  cp              3    0        PTR unsigned char 
  i               2    0        int 
  done            2    0        int 
  c               1    0        unsigned char 
 Return value:  Size  Location     Type
                  2   57[COMRAM] int 
 Registers used:
		wreg, fsr1l, fsr1h, fsr2l, fsr2h, status,2, status,0, tblptrl, tblptrh, tblptru, cstack
 Tracked objects:
		On entry : 
		On exit  : 
		Unchanged: 
 Data sizes:     COMRAM   BANK0   BANK1   BANK2   BANK3   BANK4   BANK5   BANK6   BANK7
      Params:         6       0       0       0       0       0       0       0       0
      Locals:         0       8       0       0       0       0       0       0       0
      Temps:          2       0       0       0       0       0       0       0       0
      Totals:         8       8       0       0       0       0       0       0       0
Total ram usage:       16 bytes
 Hardware stack levels used:    1
 Hardware stack levels required when called:    7
 This function calls:
		_dtoa
		_fputc
 This function is called by:
		_vfprintf
 This function uses a non-reentrant model


 *************** function _dtoa *****************
 Defined at:
		line 274 in file "C:\Program Files\Microchip\xc8\v2.20\pic\sources\c99\common\doprnt.c"
 Parameters:    Size  Location     Type
  fp              2   39[COMRAM] PTR struct _IO_FILE
		 -> sprintf@f(6), 
  d               8   41[COMRAM] long long 
 Auto vars:     Size  Location     Type
  n               8    8[BANK0 ] long long 
  i               2   16[BANK0 ] int 
  s               2    6[BANK0 ] int 
  w               2    4[BANK0 ] int 
  p               2    2[BANK0 ] int 
 Return value:  Size  Location     Type
                  2   39[COMRAM] int 
 Registers used:
		wreg, fsr1l, fsr1h, fsr2l, fsr2h, status,2, status,0, cstack
 Tracked objects:
		On entry : 
		On exit  : 
		Unchanged: 
 Data sizes:     COMRAM   BANK0   BANK1   BANK2   BANK3   BANK4   BANK5   BANK6   BANK7
      Params:        10       0       0       0       0       0       0       0       0
      Locals:         0      18       0       0       0       0       0       0       0
      Temps:          8       0       0       0       0       0       0       0       0
      Totals:        18      18       0       0       0       0       0       0       0
Total ram usage:       36 bytes
 Hardware stack levels used:    1
 Hardware stack levels required when called:    6
 This function calls:
		___aodiv
		___aomod
		_abs
		_pad
 This function is called by:
		_vfpfcnvrt
 This function uses a non-reentrant model


 *************** function _pad *****************
 Defined at:
		line 72 in file "C:\Program Files\Microchip\xc8\v2.20\pic\sources\c99\common\doprnt.c"
 Parameters:    Size  Location     Type
  fp              2   28[COMRAM] PTR struct _IO_FILE
		 -> sprintf@f(6), 
  buf             2   30[COMRAM] PTR unsigned char 
		 -> dbuf(32), 
  p               2   32[COMRAM] int 
 Auto vars:     Size  Location     Type
  w               2   37[COMRAM] int 
  i               2   35[COMRAM] int 
 Return value:  Size  Location     Type
                  2   28[COMRAM] int 
 Registers used:
		wreg, fsr1l, fsr1h, fsr2l, fsr2h, status,2, status,0, cstack
 Tracked objects:
		On entry : 
		On exit  : 
		Unchanged: 
 Data sizes:     COMRAM   BANK0   BANK1   BANK2   BANK3   BANK4   BANK5   BANK6   BANK7
      Params:         6       0       0       0       0       0       0       0       0
      Locals:         4       0       0       0       0       0       0       0       0
      Temps:          1       0       0       0       0       0       0       0       0
      Totals:        11       0       0       0       0       0       0       0       0
Total ram usage:       11 bytes
 Hardware stack levels used:    1
 Hardware stack levels required when called:    5
 This function calls:
		_fputc
		_fputs
		_strlen
 This function is called by:
		_dtoa
 This function uses a non-reentrant model


 *************** function _strlen *****************
 Defined at:
		line 5 in file "C:\Program Files\Microchip\xc8\v2.20\pic\sources\c99\common\strlen.c"
 Parameters:    Size  Location     Type
  s               2   12[COMRAM] PTR const unsigned char 
		 -> dbuf(32), 
 Auto vars:     Size  Location     Type
  a               2   14[COMRAM] PTR const unsigned char 
		 -> dbuf(32), 
 Return value:  Size  Location     Type
                  2   12[COMRAM] unsigned int 
 Registers used:
		wreg, fsr2l, fsr2h, status,2, status,0
 Tracked objects:
		On entry : 
		On exit  : 
		Unchanged: 
 Data sizes:     COMRAM   BANK0   BANK1   BANK2   BANK3   BANK4   BANK5   BANK6   BANK7
      Params:         2       0       0       0       0       0       0       0       0
      Locals:         2       0       0       0       0       0       0       0       0
      Temps:          0       0       0       0       0       0       0       0       0
      Totals:         4       0       0       0       0       0       0       0       0
Total ram usage:        4 bytes
 Hardware stack levels used:    1
 Hardware stack levels required when called:    2
 This function calls:
		Nothing
 This function is called by:
		_pad
 This function uses a non-reentrant model


 *************** function _fputs *****************
 Defined at:
		line 8 in file "C:\Program Files\Microchip\xc8\v2.20\pic\sources\c99\common\nf_fputs.c"
 Parameters:    Size  Location     Type
  s               2   21[COMRAM] PTR const unsigned char 
		 -> dbuf(32), 
  fp              2   23[COMRAM] PTR struct _IO_FILE
		 -> sprintf@f(6), 
 Auto vars:     Size  Location     Type
  i               2   26[COMRAM] int 
  c               1   25[COMRAM] unsigned char 
 Return value:  Size  Location     Type
                  2   21[COMRAM] int 
 Registers used:
		wreg, fsr1l, fsr1h, fsr2l, fsr2h, status,2, status,0, cstack
 Tracked objects:
		On entry : 
		On exit  : 
		Unchanged: 
 Data sizes:     COMRAM   BANK0   BANK1   BANK2   BANK3   BANK4   BANK5   BANK6   BANK7
      Params:         4       0       0       0       0       0       0       0       0
      Locals:         3       0       0       0       0       0       0       0       0
      Temps:          0       0       0       0       0       0       0       0       0
      Totals:         7       0       0       0       0       0       0       0       0
Total ram usage:        7 bytes
 Hardware stack levels used:    1
 Hardware stack levels required when called:    4
 This function calls:
		_fputc
 This function is called by:
		_pad
 This function uses a non-reentrant model


 *************** function _fputc *****************
 Defined at:
		line 8 in file "C:\Program Files\Microchip\xc8\v2.20\pic\sources\c99\common\nf_fputc.c"
 Parameters:    Size  Location     Type
  c               2   12[COMRAM] int 
  fp              2   14[COMRAM] PTR struct _IO_FILE
		 -> sprintf@f(6), 
 Auto vars:     Size  Location     Type
		None
 Return value:  Size  Location     Type
                  2   12[COMRAM] int 
 Registers used:
		wreg, fsr1l, fsr1h, fsr2l, fsr2h, status,2, status,0, cstack
 Tracked objects:
		On entry : 
		On exit  : 
		Unchanged: 
 Data sizes:     COMRAM   BANK0   BANK1   BANK2   BANK3   BANK4   BANK5   BANK6   BANK7
      Params:         4       0       0       0       0       0       0       0       0
      Locals:         0       0       0       0       0       0       0       0       0
      Temps:          5       0       0       0       0       0       0       0       0
      Totals:         9       0       0       0       0       0       0       0       0
Total ram usage:        9 bytes
 Hardware stack levels used:    1
 Hardware stack levels required when called:    3
 This function calls:
		_putch
 This function is called by:
		_pad
		_vfpfcnvrt
		_fputs
 This function uses a non-reentrant model


 *************** function _putch *****************
 Defined at:
		line 7 in file "C:\Program Files\Microchip\xc8\v2.20\pic\sources\c99\common\putch.c"
 Parameters:    Size  Location     Type
  c               1    wreg     unsigned char 
 Auto vars:     Size  Location     Type
  c               1    0[COMRAM] unsigned char 
 Return value:  Size  Location     Type
                  1    wreg      void 
 Registers used:
		wreg
 Tracked objects:
		On entry : 
		On exit  : 
		Unchanged: 
 Data sizes:     COMRAM   BANK0   BANK1   BANK2   BANK3   BANK4   BANK5   BANK6   BANK7
      Params:         0       0       0       0       0       0       0       0       0
      Locals:         0       0       0       0       0       0       0       0       0
      Temps:          0       0       0       0       0       0       0       0       0
      Totals:         0       0       0       0       0       0       0       0       0
Total ram usage:        0 bytes
 Hardware stack levels used:    1
 Hardware stack levels required when called:    2
 This function calls:
		Nothing
 This function is called by:
		_fputc
 This function uses a non-reentrant model


 *************** function _abs *****************
 Defined at:
		line 1 in file "C:\Program Files\Microchip\xc8\v2.20\pic\sources\c99\common\abs.c"
 Parameters:    Size  Location     Type
  a               2   30[COMRAM] int 
 Auto vars:     Size  Location     Type
		None
 Return value:  Size  Location     Type
                  2   30[COMRAM] int 
 Registers used:
		wreg, status,2, status,0
 Tracked objects:
		On entry : 
		On exit  : 
		Unchanged: 
 Data sizes:     COMRAM   BANK0   BANK1   BANK2   BANK3   BANK4   BANK5   BANK6   BANK7
      Params:         2       0       0       0       0       0       0       0       0
      Locals:         0       0       0       0       0       0       0       0       0
      Temps:          2       0       0       0       0       0       0       0       0
      Totals:         4       0       0       0       0       0       0       0       0
Total ram usage:        4 bytes
 Hardware stack levels used:    1
 Hardware stack levels required when called:    2
 This function calls:
		Nothing
 This function is called by:
		_dtoa
 This function uses a non-reentrant model


 *************** function ___aomod *****************
 Defined at:
		line 9 in file "C:\Program Files\Microchip\xc8\v2.20\pic\sources\c99\common\aomod.c"
 Parameters:    Size  Location     Type
  dividend        8   12[COMRAM] long long 
  divisor         8   20[COMRAM] long long 
 Auto vars:     Size  Location     Type
  sign            1   29[COMRAM] unsigned char 
  counter         1   28[COMRAM] unsigned char 
 Return value:  Size  Location     Type
                  8   12[COMRAM] long long 
 Registers used:
		wreg, status,2, status,0
 Tracked objects:
		On entry : 
		On exit  : 
		Unchanged: 
 Data sizes:     COMRAM   BANK0   BANK1   BANK2   BANK3   BANK4   BANK5   BANK6   BANK7
      Params:        16       0       0       0       0       0       0       0       0
      Locals:         2       0       0       0       0       0       0       0       0
      Temps:          0       0       0       0       0       0       0       0       0
      Totals:        18       0       0       0       0       0       0       0       0
Total ram usage:       18 bytes
 Hardware stack levels used:    1
 Hardware stack levels required when called:    2
 This function calls:
		Nothing
 This function is called by:
		_dtoa
 This function uses a non-reentrant model


 *************** function ___aodiv *****************
 Defined at:
		line 9 in file "C:\Program Files\Microchip\xc8\v2.20\pic\sources\c99\common\aodiv.c"
 Parameters:    Size  Location     Type
  dividend        8   12[COMRAM] long long 
  divisor         8   20[COMRAM] long long 
 Auto vars:     Size  Location     Type
  quotient        8   30[COMRAM] long long 
  sign            1   29[COMRAM] unsigned char 
  counter         1   28[COMRAM] unsigned char 
 Return value:  Size  Location     Type
                  8   12[COMRAM] long long 
 Registers used:
		wreg, fsr2l, fsr2h, status,2, status,0
 Tracked objects:
		On entry : 
		On exit  : 
		Unchanged: 
 Data sizes:     COMRAM   BANK0   BANK1   BANK2   BANK3   BANK4   BANK5   BANK6   BANK7
      Params:        16       0       0       0       0       0       0       0       0
      Locals:        10       0       0       0       0       0       0       0       0
      Temps:          0       0       0       0       0       0       0       0       0
      Totals:        26       0       0       0       0       0       0       0       0
Total ram usage:       26 bytes
 Hardware stack levels used:    1
 Hardware stack levels required when called:    2
 This function calls:
		Nothing
 This function is called by:
		_dtoa
 This function uses a non-reentrant model


 *************** function ___xxtofl *****************
 Defined at:
		line 10 in file "C:\Program Files\Microchip\xc8\v2.20\pic\sources\c99\common\xxtofl.c"
 Parameters:    Size  Location     Type
  sign            1    wreg     unsigned char 
  val             4   24[COMRAM] long 
 Auto vars:     Size  Location     Type
  sign            1   32[COMRAM] unsigned char 
  arg             4   34[COMRAM] unsigned long 
  exp             1   33[COMRAM] unsigned char 
 Return value:  Size  Location     Type
                  4   24[COMRAM] unsigned char 
 Registers used:
		wreg, status,2, status,0
 Tracked objects:
		On entry : 
		On exit  : 
		Unchanged: 
 Data sizes:     COMRAM   BANK0   BANK1   BANK2   BANK3   BANK4   BANK5   BANK6   BANK7
      Params:         4       0       0       0       0       0       0       0       0
      Locals:         6       0       0       0       0       0       0       0       0
      Temps:          4       0       0       0       0       0       0       0       0
      Totals:        14       0       0       0       0       0       0       0       0
Total ram usage:       14 bytes
 Hardware stack levels used:    1
 Hardware stack levels required when called:    2
 This function calls:
		Nothing
 This function is called by:
		_main
 This function uses a non-reentrant model


 *************** function ___lmul *****************
 Defined at:
		line 15 in file "C:\Program Files\Microchip\xc8\v2.20\pic\sources\c99\common\Umul32.c"
 Parameters:    Size  Location     Type
  multiplier      4   12[COMRAM] unsigned long 
  multiplicand    4   16[COMRAM] unsigned long 
 Auto vars:     Size  Location     Type
  product         4   20[COMRAM] unsigned long 
 Return value:  Size  Location     Type
                  4   12[COMRAM] unsigned long 
 Registers used:
		wreg, status,2, status,0
 Tracked objects:
		On entry : 
		On exit  : 
		Unchanged: 
 Data sizes:     COMRAM   BANK0   BANK1   BANK2   BANK3   BANK4   BANK5   BANK6   BANK7
      Params:         8       0       0       0       0       0       0       0       0
      Locals:         4       0       0       0       0       0       0       0       0
      Temps:          0       0       0       0       0       0       0       0       0
      Totals:        12       0       0       0       0       0       0       0       0
Total ram usage:       12 bytes
 Hardware stack levels used:    1
 Hardware stack levels required when called:    2
 This function calls:
		Nothing
 This function is called by:
		_main
 This function uses a non-reentrant model


 *************** function ___flmul *****************
 Defined at:
		line 8 in file "C:\Program Files\Microchip\xc8\v2.20\pic\sources\c99\common\sprcmul.c"
 Parameters:    Size  Location     Type
  b               4   12[COMRAM] unsigned long 
  a               4   16[COMRAM] unsigned long 
 Auto vars:     Size  Location     Type
  prod            4   31[COMRAM] struct .
  grs             4   25[COMRAM] unsigned long 
  temp            2   35[COMRAM] struct .
  bexp            1   30[COMRAM] unsigned char 
  aexp            1   29[COMRAM] unsigned char 
  sign            1   24[COMRAM] unsigned char 
 Return value:  Size  Location     Type
                  4   12[COMRAM] unsigned char 
 Registers used:
		wreg, status,2, status,0, prodl, prodh
 Tracked objects:
		On entry : 
		On exit  : 
		Unchanged: 
 Data sizes:     COMRAM   BANK0   BANK1   BANK2   BANK3   BANK4   BANK5   BANK6   BANK7
      Params:         8       0       0       0       0       0       0       0       0
      Locals:        13       0       0       0       0       0       0       0       0
      Temps:          4       0       0       0       0       0       0       0       0
      Totals:        25       0       0       0       0       0       0       0       0
Total ram usage:       25 bytes
 Hardware stack levels used:    1
 Hardware stack levels required when called:    2
 This function calls:
		Nothing
 This function is called by:
		_main
 This function uses a non-reentrant model


 *************** function ___fldiv *****************
 Defined at:
		line 11 in file "C:\Program Files\Microchip\xc8\v2.20\pic\sources\c99\common\sprcdiv.c"
 Parameters:    Size  Location     Type
  b               4   12[COMRAM] unsigned char 
  a               4   16[COMRAM] unsigned char 
 Auto vars:     Size  Location     Type
  grs             4   31[COMRAM] unsigned long 
  rem             4   24[COMRAM] unsigned long 
  new_exp         2   29[COMRAM] short 
  aexp            1   36[COMRAM] unsigned char 
  bexp            1   35[COMRAM] unsigned char 
  sign            1   28[COMRAM] unsigned char 
 Return value:  Size  Location     Type
                  4   12[COMRAM] unsigned char 
 Registers used:
		wreg, status,2, status,0
 Tracked objects:
		On entry : 
		On exit  : 
		Unchanged: 
 Data sizes:     COMRAM   BANK0   BANK1   BANK2   BANK3   BANK4   BANK5   BANK6   BANK7
      Params:         8       0       0       0       0       0       0       0       0
      Locals:        13       0       0       0       0       0       0       0       0
      Temps:          4       0       0       0       0       0       0       0       0
      Totals:        25       0       0       0       0       0       0       0       0
Total ram usage:       25 bytes
 Hardware stack levels used:    1
 Hardware stack levels required when called:    2
 This function calls:
		Nothing
 This function is called by:
		_main
 This function uses a non-reentrant model


 *************** function _LCD_Print *****************
 Defined at:
		line 65 in file "LCD_Lib.c"
 Parameters:    Size  Location     Type
  LCD_Str         2   14[COMRAM] PTR unsigned char 
		 -> LCD_number@txt(5), STR_4(4), main@txt(6), STR_2(3), 
		 -> main@txt2(6), 
 Auto vars:     Size  Location     Type
  i               1   19[COMRAM] unsigned char 
 Return value:  Size  Location     Type
                  1    wreg      void 
 Registers used:
		wreg, fsr0l, fsr0h, status,2, status,0, tblptrl, tblptrh, tblptru, cstack
 Tracked objects:
		On entry : 
		On exit  : 
		Unchanged: 
 Data sizes:     COMRAM   BANK0   BANK1   BANK2   BANK3   BANK4   BANK5   BANK6   BANK7
      Params:         2       0       0       0       0       0       0       0       0
      Locals:         1       0       0       0       0       0       0       0       0
      Temps:          3       0       0       0       0       0       0       0       0
      Totals:         6       0       0       0       0       0       0       0       0
Total ram usage:        6 bytes
 Hardware stack levels used:    1
 Hardware stack levels required when called:    3
 This function calls:
		_LCD_Write_Nibble
 This function is called by:
		_main
		_LCD_number
 This function uses a non-reentrant model


 *************** function _LCD_Goto *****************
 Defined at:
		line 39 in file "LCD_Lib.c"
 Parameters:    Size  Location     Type
  col             1    wreg     unsigned char 
  row             1   16[COMRAM] unsigned char 
 Auto vars:     Size  Location     Type
  col             1   19[COMRAM] unsigned char 
 Return value:  Size  Location     Type
                  1    wreg      void 
 Registers used:
		wreg, status,2, status,0, cstack
 Tracked objects:
		On entry : 
		On exit  : 
		Unchanged: 
 Data sizes:     COMRAM   BANK0   BANK1   BANK2   BANK3   BANK4   BANK5   BANK6   BANK7
      Params:         1       0       0       0       0       0       0       0       0
      Locals:         1       0       0       0       0       0       0       0       0
      Temps:          2       0       0       0       0       0       0       0       0
      Totals:         4       0       0       0       0       0       0       0       0
Total ram usage:        4 bytes
 Hardware stack levels used:    1
 Hardware stack levels required when called:    4
 This function calls:
		_LCD_Cmd
 This function is called by:
		_main
 This function uses a non-reentrant model


 *************** function _LCD_Begin *****************
 Defined at:
		line 76 in file "LCD_Lib.c"
 Parameters:    Size  Location     Type
		None
 Auto vars:     Size  Location     Type
		None
 Return value:  Size  Location     Type
                  1    wreg      void 
 Registers used:
		wreg, status,2, status,0, cstack
 Tracked objects:
		On entry : 
		On exit  : 
		Unchanged: 
 Data sizes:     COMRAM   BANK0   BANK1   BANK2   BANK3   BANK4   BANK5   BANK6   BANK7
      Params:         0       0       0       0       0       0       0       0       0
      Locals:         0       0       0       0       0       0       0       0       0
      Temps:          2       0       0       0       0       0       0       0       0
      Totals:         2       0       0       0       0       0       0       0       0
Total ram usage:        2 bytes
 Hardware stack levels used:    1
 Hardware stack levels required when called:    4
 This function calls:
		_LCD_Cmd
 This function is called by:
		_main
 This function uses a non-reentrant model


 *************** function _LCD_Cmd *****************
 Defined at:
		line 30 in file "LCD_Lib.c"
 Parameters:    Size  Location     Type
  Command         1    wreg     unsigned char 
 Auto vars:     Size  Location     Type
  Command         1   15[COMRAM] unsigned char 
 Return value:  Size  Location     Type
                  1    wreg      void 
 Registers used:
		wreg, status,2, status,0, cstack
 Tracked objects:
		On entry : 
		On exit  : 
		Unchanged: 
 Data sizes:     COMRAM   BANK0   BANK1   BANK2   BANK3   BANK4   BANK5   BANK6   BANK7
      Params:         0       0       0       0       0       0       0       0       0
      Locals:         1       0       0       0       0       0       0       0       0
      Temps:          1       0       0       0       0       0       0       0       0
      Totals:         2       0       0       0       0       0       0       0       0
Total ram usage:        2 bytes
 Hardware stack levels used:    1
 Hardware stack levels required when called:    3
 This function calls:
		_LCD_Write_Nibble
 This function is called by:
		_main
		_LCD_Goto
		_LCD_Begin
 This function uses a non-reentrant model


 *************** function _LCD_Write_Nibble *****************
 Defined at:
		line 13 in file "LCD_Lib.c"
 Parameters:    Size  Location     Type
  n               1    wreg     unsigned char 
 Auto vars:     Size  Location     Type
  n               1   13[COMRAM] unsigned char 
 Return value:  Size  Location     Type
                  1    wreg      void 
 Registers used:
		wreg, status,2, status,0
 Tracked objects:
		On entry : 
		On exit  : 
		Unchanged: 
 Data sizes:     COMRAM   BANK0   BANK1   BANK2   BANK3   BANK4   BANK5   BANK6   BANK7
      Params:         0       0       0       0       0       0       0       0       0
      Locals:         1       0       0       0       0       0       0       0       0
      Temps:          1       0       0       0       0       0       0       0       0
      Totals:         2       0       0       0       0       0       0       0       0
Total ram usage:        2 bytes
 Hardware stack levels used:    1
 Hardware stack levels required when called:    2
 This function calls:
		Nothing
 This function is called by:
		_LCD_Cmd
		_LCD_Print
		_LCD_PutC
 This function uses a non-reentrant model


 *************** function _InitTimer0 *****************
 Defined at:
		line 33 in file "functions_1.c"
 Parameters:    Size  Location     Type
		None
 Auto vars:     Size  Location     Type
		None
 Return value:  Size  Location     Type
                  1    wreg      void 
 Registers used:
		wreg, status,2
 Tracked objects:
		On entry : 
		On exit  : 
		Unchanged: 
 Data sizes:     COMRAM   BANK0   BANK1   BANK2   BANK3   BANK4   BANK5   BANK6   BANK7
      Params:         0       0       0       0       0       0       0       0       0
      Locals:         0       0       0       0       0       0       0       0       0
      Temps:          0       0       0       0       0       0       0       0       0
      Totals:         0       0       0       0       0       0       0       0       0
Total ram usage:        0 bytes
 Hardware stack levels used:    1
 Hardware stack levels required when called:    2
 This function calls:
		Nothing
 This function is called by:
		_main
 This function uses a non-reentrant model


 *************** function _InitConfig *****************
 Defined at:
		line 12 in file "functions_1.c"
 Parameters:    Size  Location     Type
		None
 Auto vars:     Size  Location     Type
		None
 Return value:  Size  Location     Type
                  1    wreg      void 
 Registers used:
		wreg, status,2
 Tracked objects:
		On entry : 
		On exit  : 
		Unchanged: 
 Data sizes:     COMRAM   BANK0   BANK1   BANK2   BANK3   BANK4   BANK5   BANK6   BANK7
      Params:         0       0       0       0       0       0       0       0       0
      Locals:         0       0       0       0       0       0       0       0       0
      Temps:          0       0       0       0       0       0       0       0       0
      Totals:         0       0       0       0       0       0       0       0       0
Total ram usage:        0 bytes
 Hardware stack levels used:    1
 Hardware stack levels required when called:    2
 This function calls:
		Nothing
 This function is called by:
		_main
 This function uses a non-reentrant model


 *************** function _my_isr_routine *****************
 Defined at:
		line 22 in file "main_1.c"
 Parameters:    Size  Location     Type
		None
 Auto vars:     Size  Location     Type
		None
 Return value:  Size  Location     Type
                  1    wreg      void 
 Registers used:
		wreg, status,2, status,0, cstack
 Tracked objects:
		On entry : 
		On exit  : 
		Unchanged: 
 Data sizes:     COMRAM   BANK0   BANK1   BANK2   BANK3   BANK4   BANK5   BANK6   BANK7
      Params:         0       0       0       0       0       0       0       0       0
      Locals:         0       0       0       0       0       0       0       0       0
      Temps:          0       0       0       0       0       0       0       0       0
      Totals:         0       0       0       0       0       0       0       0       0
Total ram usage:        0 bytes
 Hardware stack levels used:    1
 Hardware stack levels required when called:    1
 This function calls:
		i2___lmul
 This function is called by:
		Interrupt level 2
 This function uses a non-reentrant model


 *************** function i2___lmul *****************
 Defined at:
		line 15 in file "C:\Program Files\Microchip\xc8\v2.20\pic\sources\c99\common\Umul32.c"
 Parameters:    Size  Location     Type
  multiplier      4    0[COMRAM] unsigned long 
  multiplicand    4    4[COMRAM] unsigned long 
 Auto vars:     Size  Location     Type
  product         4    8[COMRAM] unsigned long 
 Return value:  Size  Location     Type
                  4    0[COMRAM] unsigned long 
 Registers used:
		wreg, status,2, status,0
 Tracked objects:
		On entry : 
		On exit  : 
		Unchanged: 
 Data sizes:     COMRAM   BANK0   BANK1   BANK2   BANK3   BANK4   BANK5   BANK6   BANK7
      Params:         8       0       0       0       0       0       0       0       0
      Locals:         4       0       0       0       0       0       0       0       0
      Temps:          0       0       0       0       0       0       0       0       0
      Totals:        12       0       0       0       0       0       0       0       0
Total ram usage:       12 bytes
 Hardware stack levels used:    1
 This function calls:
		Nothing
 This function is called by:
		_my_isr_routine
 This function uses a non-reentrant model



MODULE INFORMATION

Module		Function		Class		Link	Load	Size
C:\Program Files\Microchip\xc8\v2.20\pic\sources\c99\common\nf_fputc.c
		_fputc         		CODE           	1CE2	0000	203

C:\Program Files\Microchip\xc8\v2.20\pic\sources\c99\common\nf_fputc.c estimated size: 203

C:\Program Files\Microchip\xc8\v2.20\pic\sources\c99\common\doprnt.c
		_vfpfcnvrt     		CODE           	148E	0000	437
		_pad           		CODE           	1DAC	0000	195
		_dtoa          		CODE           	0FD4	0000	739
		_vfprintf      		CODE           	20FA	0000	99

C:\Program Files\Microchip\xc8\v2.20\pic\sources\c99\common\doprnt.c estimated size: 1470

main_1.c
		_main          		CODE           	12B6	0000	473
		_my_isr_routine		CODE           	0008	0000	265

main_1.c estimated size: 738

C:\Program Files\Microchip\xc8\v2.20\pic\sources\c99\common\aomod.c
		___aomod       		CODE           	197E	0000	357

C:\Program Files\Microchip\xc8\v2.20\pic\sources\c99\common\aomod.c estimated size: 357

C:\Program Files\Microchip\xc8\v2.20\pic\sources\c99\common\nf_sprintf.c
		_sprintf       		CODE           	215C	0000	83

C:\Program Files\Microchip\xc8\v2.20\pic\sources\c99\common\nf_sprintf.c estimated size: 83

C:\Program Files\Microchip\xc8\v2.20\pic\sources\c99\common\putch.c
		_putch         		CODE           	231C	0000	3

C:\Program Files\Microchip\xc8\v2.20\pic\sources\c99\common\putch.c estimated size: 3

C:\Program Files\Microchip\xc8\v2.20\pic\sources\c99\common\nf_fputs.c
		_fputs         		CODE           	21F6	0000	69

C:\Program Files\Microchip\xc8\v2.20\pic\sources\c99\common\nf_fputs.c estimated size: 69

C:\Program Files\Microchip\xc8\v2.20\pic\sources\c99\common\Umul32.c
		___lmul        		CODE           	1FBC	0000	107

C:\Program Files\Microchip\xc8\v2.20\pic\sources\c99\common\Umul32.c estimated size: 107

shared
		__initialization		CODE           	22DA	0000	25
		i2___lmul      		CODE           	2090	0000	107

shared estimated size: 132

C:\Program Files\Microchip\xc8\v2.20\pic\sources\c99\common\aodiv.c
		___aodiv       		CODE           	17F6	0000	393

C:\Program Files\Microchip\xc8\v2.20\pic\sources\c99\common\aodiv.c estimated size: 393

C:\Program Files\Microchip\xc8\v2.20\pic\sources\c99\common\abs.c
		_abs           		CODE           	223A	0000	65

C:\Program Files\Microchip\xc8\v2.20\pic\sources\c99\common\abs.c estimated size: 65

C:\Program Files\Microchip\xc8\v2.20\pic\sources\c99\common\strlen.c
		_strlen        		CODE           	227A	0000	55

C:\Program Files\Microchip\xc8\v2.20\pic\sources\c99\common\strlen.c estimated size: 55

C:\Program Files\Microchip\xc8\v2.20\pic\sources\c99\common\sprcmul.c
		___flmul       		CODE           	0810	0000	1067

C:\Program Files\Microchip\xc8\v2.20\pic\sources\c99\common\sprcmul.c estimated size: 1067

C:\Program Files\Microchip\xc8\v2.20\pic\sources\c99\common\sprcdiv.c
		___fldiv       		CODE           	0C3A	0000	923

C:\Program Files\Microchip\xc8\v2.20\pic\sources\c99\common\sprcdiv.c estimated size: 923

C:\Program Files\Microchip\xc8\v2.20\pic\sources\c99\common\xxtofl.c
		___xxtofl      		CODE           	1642	0000	437

C:\Program Files\Microchip\xc8\v2.20\pic\sources\c99\common\xxtofl.c estimated size: 437

functions_1.c
		_InitConfig    		CODE           	22B0	0000	43
		_InitTimer0    		CODE           	2300	0000	29

functions_1.c estimated size: 72

LCD_Lib.c
		_LCD_Cmd       		CODE           	21AE	0000	73
		_LCD_Begin     		CODE           	1BE4	0000	255
		_LCD_Goto      		CODE           	2026	0000	107
		_LCD_Print     		CODE           	1E6E	0000	179
		_LCD_Write_Nibble		CODE           	1F20	0000	157

LCD_Lib.c estimated size: 771

